// Jest Snapshot v1, https://goo.gl/fbAQLP

exports[`<Machine/> Resolves to an atomic <State/> & updates URL from root URL "/" 1`] = `
<div>
  <div>
    <h1>
      Child 1
    </h1>
    <div>
      <h1>
        Grand Child 1
      </h1>
      <div>
        <h1>
          Great Grand Child 1
        </h1>
        <a
          href="/child-2"
        >
          URL Push 1
        </a>
        <a
          href="/child-3"
        >
          URL Push 2
        </a>
        <p>
          URL: 
          /child-1/great-grand-child-1
        </p>
      </div>
    </div>
  </div>
</div>
`;
